// Jest Snapshot v1, https://goo.gl/fbAQLP

exports[`投稿一覧トップボタンのコンポーネントテスト 1`] = `
<button
  className="btn btn-secondary"
  onClick={[Function]}
  type="button"
>
  戻る
</button>
`;

exports[`投稿一覧トップボタン：コンポーネントテスト 1`] = `
<button
  className="btn btn-secondary"
  onClick={[Function]}
  type="button"
>
  戻る
</button>
`;
